// Jest Snapshot v1, https://goo.gl/fbAQLP

exports[`Widget Snapshot should render with content 1`] = `"<h1>Bug Reporter Widget</h1>"`;
